// Jest Snapshot v1, https://goo.gl/fbAQLP

exports[`Modal should render correctly in "debug" mode 1`] = `ShallowWrapper {}`;

exports[`MyComponent should render c 1`] = `ShallowWrapper {}`;

exports[`MyComponent should render container and two buttons 1`] = `ShallowWrapper {}`;

exports[`MyComponent should render correctly in "debug" mode 1`] = `ShallowWrapper {}`;

exports[`MyComponent should render correctly with no props 1`] = `ShallowWrapper {}`;
